[Licensing::Module] Trying to connect to existing licensing client channel...
[Licensing::IpcConnector] Connection attempt to the License Client on channel: "LicenseClient-User" failed because channel doesn't exist; code: "0x80000002"
[Licensing::Module] Successfully launched the LicensingClient (PId: 4340)
[Licensing::IpcConnector] Successfully connected to the License Client on channel: "LicenseClient-User" at "2026-06-22T20:29:29.5373485Z"
[Licensing::Client] Error: Code 10 while verifying Licensing Client signature (process Id: 4340, path: "C:/Program Files/Unity/Hub/Editor/2022.3.22f1/Editor/Data/Resources/Licensing/Client/Unity.Licensing.Client.exe")
[Licensing::Module] Error: LicensingClient has failed validation; ignoring
[Licensing::Client] Handshaking with LicensingClient:
  Version:                 1.15.0+66d4389
  Session Id:              b8692d60ff1e4ab68006f688efea17c8
  Correlation Id:          94b641448a816f68cff22e738b33dccc
  External correlation Id: 7845184566530807377
  Machine Id:              Jq9BtygUimSA+fW3p/p42m4cWug=
[Licensing::Module] Successfully connected to LicensingClient on channel: "LicenseClient-User" (connect: 1.02s, validation: 0.06s, handshake: 0.28s)
[Licensing::IpcConnector] Successfully connected to the License Notification on channel: "LicenseClient-User-notifications" at "2026-06-22T20:29:29.8733891Z"
[Licensing::Module] Connected to LicensingClient (PId: 4340, launch time: 0.01, total connection time: 1.36s)
[Licensing::Module] Error: Access token is unavailable; failed to update
[Licensing::Client] Error: Code 500 while processing request (status: Unable to update licenses. Errors: No ULF license found.,Token not found in cache)
[Licensing::Client] Error: Code 500 while updating license in client (status: Unable to update licenses. Errors: No ULF license found.,Token not found in cache)
Built from '2022.3/staging' branch; Version is '2022.3.22f1 (887be4894c44) revision 8944612'; Using compiler version '192829333'; Build Type 'Release'
OS: 'Windows 11  (10.0.26200) 64bit Enterprise' Language: 'en' Physical Memory: 10961 MB
[Licensing::Client] Successfully resolved entitlements
[Licensing::Module] Error: License is not active (com.unity.editor.headless). HasEntitlements will fail.
BatchMode: 1, IsHumanControllingUs: 0, StartBugReporterOnCrash: 0, Is64bit: 1, IsPro: 0
No valid Unity Editor license found. Please activate your license.
Exiting without the bug reporter. Application will terminate with return code 1